// Jest Snapshot v1, https://goo.gl/fbAQLP

exports[`<Loader /> @render default 1`] = `
<div>
  Loading...
</div>
`;
