// Jest Snapshot v1, https://goo.gl/fbAQLP

exports[`<TrackList /> @render default 1`] = `
<table
  className="trackList"
>
  <thead>
    <tr>
      <th />
      <th>
        Song
      </th>
      <th>
        Artist
      </th>
      <th>
        Album
      </th>
    </tr>
  </thead>
  <tbody>
    <tr
      className="track"
      onClick={[Function]}
    >
      <td>
        <svg
          aria-hidden="true"
          className="svg-inline--fa fa-play fa-w-14 "
          data-icon="play"
          data-prefix="fas"
          role="img"
          style={Object {}}
          viewBox="0 0 448 512"
          xmlns="http://www.w3.org/2000/svg"
        >
          <path
            d="M424.4 214.7L72.4 6.6C43.8-10.3 0 6.1 0 47.9V464c0 37.5 40.7 60.1 72.4 41.3l352-208c31.4-18.5 31.5-64.1 0-82.6z"
            fill="currentColor"
            style={Object {}}
          />
        </svg>
      </td>
      <td>
        sample title
      </td>
      <td>
        sample artist
      </td>
      <td>
        sample album
      </td>
    </tr>
    <tr
      className="track"
      onClick={[Function]}
    >
      <td>
        <svg
          aria-hidden="true"
          className="svg-inline--fa fa-play fa-w-14 "
          data-icon="play"
          data-prefix="fas"
          role="img"
          style={Object {}}
          viewBox="0 0 448 512"
          xmlns="http://www.w3.org/2000/svg"
        >
          <path
            d="M424.4 214.7L72.4 6.6C43.8-10.3 0 6.1 0 47.9V464c0 37.5 40.7 60.1 72.4 41.3l352-208c31.4-18.5 31.5-64.1 0-82.6z"
            fill="currentColor"
            style={Object {}}
          />
        </svg>
      </td>
      <td>
        sample title 2
      </td>
      <td>
        sample artist 2
      </td>
      <td>
        sample album 2
      </td>
    </tr>
  </tbody>
</table>
`;
