// Jest Snapshot v1, https://goo.gl/fbAQLP

exports[`<App /> @render default 1`] = `
<div
  className="app"
>
  <h1>
    Motion
  </h1>
  <table
    className="trackList"
  >
    <thead>
      <tr>
        <th />
        <th>
          Song
        </th>
        <th>
          Artist
        </th>
        <th>
          Album
        </th>
      </tr>
    </thead>
    <tbody />
  </table>
  <audio
    autoPlay={true}
    className="player"
    controls={true}
    src={null}
  />
</div>
`;
